// Jest Snapshot v1, https://goo.gl/fbAQLP

exports[`test mock function matcher 1`] = `
[MockFunction] {
  "calls": Array [
    Array [
      42,
      43,
    ],
  ],
  "results": Array [
    Object {
      "type": "return",
      "value": undefined,
    },
  ],
}
`;
