// Jest Snapshot v1, https://goo.gl/fbAQLP

exports[`Property Matchers will check the matchers and pass 1`] = `
Object {
  "createdAt": Any<Date>,
  "id": Any<Number>,
  "name": "Titan",
}
`;

exports[`Property Matchers will check the values and pass 1`] = `
Object {
  "createdAt": Any<Date>,
  "id": Any<Number>,
  "name": "Titan",
}
`;
